<?xml version="1.0" encoding="utf-8"?><testsuites><testsuite name="pytest" errors="0" failures="0" skipped="0" tests="4" time="0.487" timestamp="2025-10-30T21:25:51.475397" hostname="Engels-MacBook.local"><testcase classname="tests.api.test_api.TestBatchPipeline" name="test_should_failed_unkown_column_1" time="0.039" /><testcase classname="tests.api.test_api.TestBatchPipeline" name="test_should_failed_unkown_column_2" time="0.003" /><testcase classname="tests.api.test_api.TestBatchPipeline" name="test_should_failed_unkown_column_3" time="0.003" /><testcase classname="tests.api.test_api.TestBatchPipeline" name="test_should_get_predict" time="0.003" /></testsuite></testsuites>